warning: pic-rs@1.0.0: native/private_smb.c: In function 'init_smb':
warning: pic-rs@1.0.0: native/private_smb.c:55:9: warning: 'smbc_init' is deprecated [-Wdeprecated-declarations]
warning: pic-rs@1.0.0:    55 |         if (smbc_init(guest_auth, 0) != 0) {
warning: pic-rs@1.0.0:       |         ^~
warning: pic-rs@1.0.0: In file included from native/private_smb.c:2:
warning: pic-rs@1.0.0: /usr/include/samba-4.0/libsmbclient.h:1301:5: note: declared here
warning: pic-rs@1.0.0:  1301 | int smbc_init(smbc_get_auth_data_fn fn, int debug);
warning: pic-rs@1.0.0:       |     ^~~~~~~~~
   Compiling pic-rs v1.0.0 (/home/peet/pic-grok)
warning: unused import: `Instant`
 --> src/edit/editor.rs:4:27
  |
4 | use std::time::{Duration, Instant};
  |                           ^^^^^^^
  |
  = note: `#[warn(unused_imports)]` (part of `#[warn(unused)]`) on by default

warning: use of deprecated struct `gtk4::MessageDialog`: Since 4.10
  --> src/main.rs:88:35
   |
88 |                 let dialog = gtk::MessageDialog::builder()
   |                                   ^^^^^^^^^^^^^
   |
   = note: `#[warn(deprecated)]` on by default

warning: use of deprecated struct `gtk4::FileChooserNative`: Since 4.10
   --> src/main.rs:102:40
    |
102 |                     let chooser = gtk::FileChooserNative::new(
    |                                        ^^^^^^^^^^^^^^^^^

warning: use of deprecated struct `gtk4::Dialog`: Since 4.10
    --> src/collage/editor.rs:1349:23
     |
1349 |     let dialog = gtk::Dialog::new();
     |                       ^^^^^^

warning: use of deprecated struct `gtk4::FileChooserNative`: Since 4.10
    --> src/collage/editor.rs:1468:23
     |
1468 |     let dialog = gtk::FileChooserNative::new(
     |                       ^^^^^^^^^^^^^^^^^

warning: use of deprecated struct `gtk4::FileChooserNative`: Since 4.10
    --> src/edit/overlays_ui.rs:1581:31
     |
1581 |             let dialog = gtk::FileChooserNative::new(
     |                               ^^^^^^^^^^^^^^^^^

warning: use of deprecated struct `gtk4::ComboBoxText`: Since 4.10
  --> src/edit/text_ui.rs:59:27
   |
59 |     let font_combo = gtk::ComboBoxText::new();
   |                           ^^^^^^^^^^^^

warning: use of deprecated struct `gtk4::Dialog`: Since 4.10
   --> src/network_picker.rs:115:21
    |
115 |     let dialog=gtk::Dialog::with_buttons(
    |                     ^^^^^^

warning: use of deprecated struct `gtk4::MessageDialog`: Since 4.10
   --> src/settings.rs:721:23
    |
721 |     let dialog = gtk::MessageDialog::builder()
    |                       ^^^^^^^^^^^^^

warning: use of deprecated struct `gtk4::FileChooserNative`: Since 4.10
   --> src/settings/database.rs:115:32
    |
115 |             let chooser = gtk::FileChooserNative::new(
    |                                ^^^^^^^^^^^^^^^^^

warning: use of deprecated struct `gtk4::Dialog`: Since 4.10
   --> src/settings/database.rs:296:23
    |
296 |     let dialog = gtk::Dialog::new();
    |                       ^^^^^^

warning: use of deprecated struct `gtk4::FileChooserNative`: Since 4.10
   --> src/settings/database.rs:343:24
    |
343 |     let chooser = gtk::FileChooserNative::new(
    |                        ^^^^^^^^^^^^^^^^^

warning: use of deprecated struct `gtk4::FileChooserNative`: Since 4.10
    --> src/window/build.rs:4023:25
     |
4023 |         let dialog=gtk::FileChooserNative::new(
     |                         ^^^^^^^^^^^^^^^^^

warning: use of deprecated struct `gtk4::Dialog`: Since 4.10
    --> src/window/build.rs:3071:23
     |
3071 |     let dialog = gtk::Dialog::new();
     |                       ^^^^^^

warning: use of deprecated struct `gtk4::FileChooserNative`: Since 4.10
    --> src/window/build.rs:3174:23
     |
3174 |     let dialog = gtk::FileChooserNative::new(
     |                       ^^^^^^^^^^^^^^^^^

warning: use of deprecated method `gtk4::prelude::WidgetExt::style_context`: Since 4.10
  --> src/albums/view.rs:20:10
   |
20 |         .style_context()
   |          ^^^^^^^^^^^^^

warning: use of deprecated method `gtk4::prelude::StyleContextExt::add_provider`: Since 4.10
  --> src/albums/view.rs:21:10
   |
21 |         .add_provider(&background, gtk::STYLE_PROVIDER_PRIORITY_APPLICATION + 2);
   |          ^^^^^^^^^^^^

warning: use of deprecated method `gtk4::prelude::WidgetExt::style_context`: Since 4.10
  --> src/albums/view.rs:92:10
   |
92 |         .style_context()
   |          ^^^^^^^^^^^^^

warning: use of deprecated method `gtk4::prelude::StyleContextExt::add_provider`: Since 4.10
  --> src/albums/view.rs:93:10
   |
93 |         .add_provider(&background, gtk::STYLE_PROVIDER_PRIORITY_APPLICATION + 2);
   |          ^^^^^^^^^^^^

warning: use of deprecated method `gtk4::CssProvider::load_from_data`: Since 4.12
   --> src/collage/editor.rs:178:13
    |
178 |         css.load_from_data(&css_data);
    |             ^^^^^^^^^^^^^^

warning: use of deprecated associated function `gtk4::Dialog::new`: Since 4.10
    --> src/collage/editor.rs:1349:31
     |
1349 |     let dialog = gtk::Dialog::new();
     |                               ^^^

warning: use of deprecated method `gtk4::prelude::DialogExt::add_button`: Since 4.10
    --> src/collage/editor.rs:1353:12
     |
1353 |     dialog.add_button("Cancel", gtk::ResponseType::Cancel);
     |            ^^^^^^^^^^

warning: use of deprecated method `gtk4::prelude::DialogExt::add_button`: Since 4.10
    --> src/collage/editor.rs:1354:32
     |
1354 |     let export_button = dialog.add_button("Export", gtk::ResponseType::Ok);
     |                                ^^^^^^^^^^

warning: use of deprecated method `gtk4::prelude::DialogExt::set_default_response`: Since 4.10
    --> src/collage/editor.rs:1356:12
     |
1356 |     dialog.set_default_response(gtk::ResponseType::Ok);
     |            ^^^^^^^^^^^^^^^^^^^^

warning: use of deprecated method `gtk4::prelude::DialogExt::content_area`: Since 4.10
    --> src/collage/editor.rs:1358:26
     |
1358 |     let content = dialog.content_area();
     |                          ^^^^^^^^^^^^

warning: use of deprecated method `gtk4::prelude::DialogExt::connect_response`: Since 4.10
    --> src/collage/editor.rs:1432:16
     |
1432 |         dialog.connect_response(move |_, response| {
     |                ^^^^^^^^^^^^^^^^

warning: use of deprecated method `gtk4::prelude::WidgetExt::show`: Since 4.10
    --> src/collage/editor.rs:1455:12
     |
1455 |     dialog.show();
     |            ^^^^

warning: use of deprecated associated function `gtk4::FileChooserNative::new`: Since 4.10
    --> src/collage/editor.rs:1468:42
     |
1468 |     let dialog = gtk::FileChooserNative::new(
     |                                          ^^^

warning: use of deprecated method `gtk4::prelude::FileChooserExt::set_current_name`: Since 4.10
    --> src/collage/editor.rs:1475:12
     |
1475 |     dialog.set_current_name(&format!("collage.{extension}"));
     |            ^^^^^^^^^^^^^^^^

warning: use of deprecated method `gtk4::prelude::FileChooserExt::add_filter`: Since 4.10
    --> src/collage/editor.rs:1483:12
     |
1483 |     dialog.add_filter(&filter);
     |            ^^^^^^^^^^

warning: use of deprecated method `gtk4::prelude::FileChooserExt::file`: Since 4.10
    --> src/collage/editor.rs:1489:33
     |
1489 |         let Some(path) = dialog.file().and_then(|file| file.path()) else {
     |                                 ^^^^

warning: use of deprecated method `gtk4::CssProvider::load_from_data`: Since 4.12
  --> src/css/mod.rs:45:10
   |
45 |     base.load_from_data(BASE);
   |          ^^^^^^^^^^^^^^

warning: use of deprecated method `gtk4::CssProvider::load_from_data`: Since 4.12
  --> src/css/mod.rs:53:14
   |
53 |     platform.load_from_data(PLATFORM);
   |              ^^^^^^^^^^^^^^

warning: use of deprecated method `gtk4::CssProvider::load_from_data`: Since 4.12
  --> src/css/mod.rs:64:20
   |
64 |     square_corners.load_from_data(SQUARE_CORNERS);
   |                    ^^^^^^^^^^^^^^

warning: use of deprecated associated function `gtk4::FileChooserNative::new`: Since 4.10
    --> src/edit/overlays_ui.rs:1581:50
     |
1581 |             let dialog = gtk::FileChooserNative::new(
     |                                                  ^^^

warning: use of deprecated method `gtk4::prelude::FileChooserExt::add_filter`: Since 4.10
    --> src/edit/overlays_ui.rs:1596:20
     |
1596 |             dialog.add_filter(&filter);
     |                    ^^^^^^^^^^

warning: use of deprecated method `gtk4::prelude::FileChooserExt::file`: Since 4.10
    --> src/edit/overlays_ui.rs:1611:41
     |
1611 |                 let Some(path) = dialog.file().and_then(|file| file.path()) else {
     |                                         ^^^^

warning: use of deprecated associated function `gtk4::ComboBoxText::new`: Since 4.10
  --> src/edit/text_ui.rs:59:41
   |
59 |     let font_combo = gtk::ComboBoxText::new();
   |                                         ^^^

warning: use of deprecated method `gtk4::ComboBoxText::append`: Since 4.10
  --> src/edit/text_ui.rs:70:20
   |
70 |         font_combo.append(Some(family), family);
   |                    ^^^^^^

warning: use of deprecated method `gtk4::prelude::ComboBoxExtManual::set_active`: Since 4.10
  --> src/edit/text_ui.rs:72:16
   |
72 |     font_combo.set_active(Some(0));
   |                ^^^^^^^^^^

warning: use of deprecated method `gtk4::prelude::ComboBoxExt::set_active_id`: Since 4.10
   --> src/edit/text_ui.rs:304:28
    |
304 |                 font_combo.set_active_id(Some(&layer.font_family));
    |                            ^^^^^^^^^^^^^

warning: use of deprecated method `gtk4::prelude::ComboBoxExt::active_id`: Since 4.10
   --> src/edit/text_ui.rs:305:31
    |
305 |                 if font_combo.active_id().as_deref() != Some(layer.font_family.as_str()) {
    |                               ^^^^^^^^^

warning: use of deprecated method `gtk4::ComboBoxText::append`: Since 4.10
   --> src/edit/text_ui.rs:306:32
    |
306 |                     font_combo.append(Some(&layer.font_family), &layer.font_family);
    |                                ^^^^^^

warning: use of deprecated method `gtk4::prelude::ComboBoxExt::set_active_id`: Since 4.10
   --> src/edit/text_ui.rs:307:32
    |
307 |                     font_combo.set_active_id(Some(&layer.font_family));
    |                                ^^^^^^^^^^^^^

warning: use of deprecated method `gtk4::prelude::ComboBoxExt::connect_changed`: Since 4.10
   --> src/edit/text_ui.rs:462:20
    |
462 |         font_combo.connect_changed(move |combo| {
    |                    ^^^^^^^^^^^^^^^

warning: use of deprecated method `gtk4::prelude::ComboBoxExt::active_id`: Since 4.10
   --> src/edit/text_ui.rs:469:38
    |
469 |             let Some(family) = combo.active_id() else {
    |                                      ^^^^^^^^^

warning: use of deprecated method `gtk4::CssProvider::load_from_data`: Since 4.12
  --> src/library_home.rs:48:14
   |
48 |     provider.load_from_data(HOME_CSS);
   |              ^^^^^^^^^^^^^^

warning: use of deprecated associated function `gtk4::dialog::<impl gtk4::Dialog>::with_buttons`: Since 4.10
   --> src/network_picker.rs:115:29
    |
115 |     let dialog=gtk::Dialog::with_buttons(
    |                             ^^^^^^^^^^^^

warning: use of deprecated method `gtk4::prelude::DialogExt::set_default_response`: Since 4.10
   --> src/network_picker.rs:121:12
    |
121 |     dialog.set_default_response(gtk::ResponseType::Accept);
    |            ^^^^^^^^^^^^^^^^^^^^

warning: use of deprecated method `gtk4::prelude::DialogExt::content_area`: Since 4.10
   --> src/network_picker.rs:122:24
    |
122 |     let content=dialog.content_area();
    |                        ^^^^^^^^^^^^

warning: use of deprecated method `gtk4::prelude::DialogExt::connect_response`: Since 4.10
   --> src/network_picker.rs:282:12
    |
282 |     dialog.connect_response(move |dlg,reply|{
    |            ^^^^^^^^^^^^^^^^

warning: use of deprecated associated function `gtk4::FileChooserNative::new`: Since 4.10
   --> src/settings/database.rs:115:51
    |
115 |             let chooser = gtk::FileChooserNative::new(
    |                                                   ^^^

warning: use of deprecated method `gtk4::prelude::FileChooserExt::add_filter`: Since 4.10
   --> src/settings/database.rs:125:21
    |
125 |             chooser.add_filter(&filter);
    |                     ^^^^^^^^^^

warning: use of deprecated method `gtk4::prelude::FileChooserExt::file`: Since 4.10
   --> src/settings/database.rs:131:49
    |
131 |                     if let Some(path) = chooser.file().and_then(|file| file.path()) {
    |                                                 ^^^^

warning: use of deprecated associated function `gtk4::Dialog::new`: Since 4.10
   --> src/settings/database.rs:296:31
    |
296 |     let dialog = gtk::Dialog::new();
    |                               ^^^

warning: use of deprecated method `gtk4::prelude::DialogExt::add_button`: Since 4.10
   --> src/settings/database.rs:300:12
    |
300 |     dialog.add_button("Cancel", gtk::ResponseType::Cancel);
    |            ^^^^^^^^^^

warning: use of deprecated method `gtk4::prelude::DialogExt::add_button`: Since 4.10
   --> src/settings/database.rs:301:12
    |
301 |     dialog.add_button("Create", gtk::ResponseType::Accept);
    |            ^^^^^^^^^^

warning: use of deprecated method `gtk4::prelude::DialogExt::content_area`: Since 4.10
   --> src/settings/database.rs:313:12
    |
313 |     dialog.content_area().append(&form);
    |            ^^^^^^^^^^^^

warning: use of deprecated method `gtk4::prelude::DialogExt::connect_response`: Since 4.10
   --> src/settings/database.rs:314:12
    |
314 |     dialog.connect_response(move |dialog, response| {
    |            ^^^^^^^^^^^^^^^^

warning: use of deprecated method `gtk4::prelude::WidgetExt::show`: Since 4.10
   --> src/settings/database.rs:334:12
    |
334 |     dialog.show();
    |            ^^^^

warning: use of deprecated associated function `gtk4::FileChooserNative::new`: Since 4.10
   --> src/settings/database.rs:343:43
    |
343 |     let chooser = gtk::FileChooserNative::new(
    |                                           ^^^

warning: use of deprecated method `gtk4::prelude::FileChooserExt::add_filter`: Since 4.10
   --> src/settings/database.rs:353:13
    |
353 |     chooser.add_filter(&filter);
    |             ^^^^^^^^^^

warning: use of deprecated method `gtk4::prelude::FileChooserExt::file`: Since 4.10
   --> src/settings/database.rs:356:48
    |
356 |             if let Some(backup_path) = chooser.file().and_then(|file| file.path()) {
    |                                                ^^^^

warning: use of deprecated method `gtk4::prelude::WidgetExt::hide`: Since 4.10
  --> src/settings.rs:41:20
   |
41 |             window.hide();
   |                    ^^^^

warning: use of deprecated method `gtk4::prelude::WidgetExt::hide`: Since 4.10
  --> src/settings.rs:88:24
   |
88 |                 window.hide();
   |                        ^^^^

warning: use of deprecated associated function `gtk4::MessageDialog::builder`: Since 4.10
   --> src/settings.rs:721:38
    |
721 |     let dialog = gtk::MessageDialog::builder()
    |                                      ^^^^^^^

warning: use of deprecated method `gtk4::builders::MessageDialogBuilder::transient_for`: Since 4.10
   --> src/settings.rs:722:10
    |
722 |         .transient_for(parent)
    |          ^^^^^^^^^^^^^

warning: use of deprecated method `gtk4::builders::MessageDialogBuilder::modal`: Since 4.10
   --> src/settings.rs:723:10
    |
723 |         .modal(true)
    |          ^^^^^

warning: use of deprecated method `gtk4::builders::MessageDialogBuilder::message_type`: Since 4.10
   --> src/settings.rs:724:10
    |
724 |         .message_type(gtk::MessageType::Warning)
    |          ^^^^^^^^^^^^

warning: use of deprecated method `gtk4::builders::MessageDialogBuilder::buttons`: Since 4.10
   --> src/settings.rs:725:10
    |
725 |         .buttons(gtk::ButtonsType::Cancel)
    |          ^^^^^^^

warning: use of deprecated method `gtk4::builders::MessageDialogBuilder::text`: Since 4.10
   --> src/settings.rs:726:10
    |
726 |         .text(title)
    |          ^^^^

warning: use of deprecated method `gtk4::builders::MessageDialogBuilder::secondary_text`: Since 4.10
   --> src/settings.rs:727:10
    |
727 |         .secondary_text(message)
    |          ^^^^^^^^^^^^^^

warning: use of deprecated method `gtk4::builders::MessageDialogBuilder::build`: Since 4.10
   --> src/settings.rs:728:10
    |
728 |         .build();
    |          ^^^^^

warning: use of deprecated method `gtk4::prelude::DialogExt::add_button`: Since 4.10
   --> src/settings.rs:729:12
    |
729 |     dialog.add_button("Continue", gtk::ResponseType::Accept);
    |            ^^^^^^^^^^

warning: use of deprecated method `gtk4::prelude::DialogExt::connect_response`: Since 4.10
   --> src/settings.rs:730:12
    |
730 |     dialog.connect_response(move |dialog, response| {
    |            ^^^^^^^^^^^^^^^^

warning: use of deprecated method `gtk4::prelude::WidgetExt::allocation`: Since 4.12
    --> src/sidebar.rs:1981:58
     |
1981 |                         .unwrap_or_else(|| f64::from(row.allocation().y()));
     |                                                          ^^^^^^^^^^

warning: use of deprecated method `gtk4::CssProvider::load_from_data`: Since 4.12
   --> src/window/theme.rs:152:22
    |
152 |             provider.load_from_data(base.css.as_str());
    |                      ^^^^^^^^^^^^^^

warning: use of deprecated method `gtk4::CssProvider::load_from_data`: Since 4.12
   --> src/window/theme.rs:221:22
    |
221 |             provider.load_from_data(theme.css.as_str());
    |                      ^^^^^^^^^^^^^^

warning: use of deprecated method `gtk4::prelude::WidgetExt::allocated_width`: Since 4.12
   --> src/window/operation_progress.rs:138:41
    |
138 |             this.apply_space_guard(area.allocated_width());
    |                                         ^^^^^^^^^^^^^^^

warning: use of deprecated associated function `gtk4::FileChooserNative::new`: Since 4.10
    --> src/window/build.rs:4023:44
     |
4023 |         let dialog=gtk::FileChooserNative::new(
     |                                            ^^^

warning: use of deprecated method `gtk4::prelude::FileChooserExt::file`: Since 4.10
    --> src/window/build.rs:4028:39
     |
4028 |                 if let Some(file)=dlg.file(){ selected_for_local(crate::source::reference(&file)); }
     |                                       ^^^^

warning: use of deprecated associated function `gtk4::Dialog::new`: Since 4.10
    --> src/window/build.rs:3071:31
     |
3071 |     let dialog = gtk::Dialog::new();
     |                               ^^^

warning: use of deprecated method `gtk4::prelude::DialogExt::add_button`: Since 4.10
    --> src/window/build.rs:3079:12
     |
3079 |     dialog.add_button("Cancel", gtk::ResponseType::Cancel);
     |            ^^^^^^^^^^

warning: use of deprecated method `gtk4::prelude::DialogExt::add_button`: Since 4.10
    --> src/window/build.rs:3080:32
     |
3080 |     let export_button = dialog.add_button("Export", gtk::ResponseType::Ok);
     |                                ^^^^^^^^^^

warning: use of deprecated method `gtk4::prelude::DialogExt::set_default_response`: Since 4.10
    --> src/window/build.rs:3082:12
     |
3082 |     dialog.set_default_response(gtk::ResponseType::Ok);
     |            ^^^^^^^^^^^^^^^^^^^^

warning: use of deprecated method `gtk4::prelude::DialogExt::content_area`: Since 4.10
    --> src/window/build.rs:3084:26
     |
3084 |     let content = dialog.content_area();
     |                          ^^^^^^^^^^^^

warning: use of deprecated method `gtk4::prelude::DialogExt::connect_response`: Since 4.10
    --> src/window/build.rs:3130:16
     |
3130 |         dialog.connect_response(move |_, response| {
     |                ^^^^^^^^^^^^^^^^

warning: use of deprecated method `gtk4::prelude::WidgetExt::show`: Since 4.10
    --> src/window/build.rs:3163:12
     |
3163 |     dialog.show();
     |            ^^^^

warning: use of deprecated associated function `gtk4::FileChooserNative::new`: Since 4.10
    --> src/window/build.rs:3174:42
     |
3174 |     let dialog = gtk::FileChooserNative::new(
     |                                          ^^^

warning: use of deprecated method `gtk4::prelude::FileChooserExt::set_current_name`: Since 4.10
    --> src/window/build.rs:3191:20
     |
3191 |             dialog.set_current_name(&job.file_name);
     |                    ^^^^^^^^^^^^^^^^

warning: use of deprecated method `gtk4::prelude::FileChooserExt::file`: Since 4.10
    --> src/window/build.rs:3196:40
     |
3196 |             if let Some(path) = dialog.file().and_then(|file| file.path()) {
     |                                        ^^^^

warning: use of deprecated method `gtk4::CssProvider::load_from_data`: Since 4.12
  --> src/window/photo_actions.rs:16:9
   |
16 |     css.load_from_data(crate::css::PHOTO_CONTEXT_MENU);
   |         ^^^^^^^^^^^^^^

warning: use of deprecated associated function `gtk4::MessageDialog::builder`: Since 4.10
  --> src/main.rs:88:50
   |
88 |                 let dialog = gtk::MessageDialog::builder()
   |                                                  ^^^^^^^

warning: use of deprecated method `gtk4::builders::MessageDialogBuilder::message_type`: Since 4.10
  --> src/main.rs:89:22
   |
89 |                     .message_type(gtk::MessageType::Error)
   |                      ^^^^^^^^^^^^

warning: use of deprecated method `gtk4::builders::MessageDialogBuilder::buttons`: Since 4.10
  --> src/main.rs:90:22
   |
90 |                     .buttons(gtk::ButtonsType::None)
   |                      ^^^^^^^

warning: use of deprecated method `gtk4::builders::MessageDialogBuilder::text`: Since 4.10
  --> src/main.rs:91:22
   |
91 |                     .text("Could not open the photo library")
   |                      ^^^^

warning: use of deprecated method `gtk4::builders::MessageDialogBuilder::secondary_text`: Since 4.10
  --> src/main.rs:92:22
   |
92 |                     .secondary_text(format!("{error:#}\n\nChoose another PIC database or close the app."))
   |                      ^^^^^^^^^^^^^^

warning: use of deprecated method `gtk4::builders::MessageDialogBuilder::build`: Since 4.10
  --> src/main.rs:93:22
   |
93 |                     .build();
   |                      ^^^^^

warning: use of deprecated method `gtk4::prelude::DialogExt::add_button`: Since 4.10
  --> src/main.rs:94:24
   |
94 |                 dialog.add_button("Close", gtk::ResponseType::Close);
   |                        ^^^^^^^^^^

warning: use of deprecated method `gtk4::prelude::DialogExt::add_button`: Since 4.10
  --> src/main.rs:95:24
   |
95 |                 dialog.add_button("Choose Database…", gtk::ResponseType::Accept);
   |                        ^^^^^^^^^^

warning: use of deprecated method `gtk4::prelude::DialogExt::connect_response`: Since 4.10
  --> src/main.rs:97:24
   |
97 |                 dialog.connect_response(move |dialog, response| {
   |                        ^^^^^^^^^^^^^^^^

warning: use of deprecated associated function `gtk4::FileChooserNative::new`: Since 4.10
   --> src/main.rs:102:59
    |
102 |                     let chooser = gtk::FileChooserNative::new(
    |                                                           ^^^

warning: use of deprecated method `gtk4::prelude::FileChooserExt::add_filter`: Since 4.10
   --> src/main.rs:112:29
    |
112 |                     chooser.add_filter(&filter);
    |                             ^^^^^^^^^^

warning: use of deprecated method `gtk4::prelude::FileChooserExt::file`: Since 4.10
   --> src/main.rs:116:57
    |
116 | ...                   if let Some(path) = chooser.file().and_then(|file| file.path()) {
    |                                                   ^^^^

warning: unreachable pattern
   --> src/css/theme_discovery.rs:218:39
    |
218 |                     "traffic-light" | "traffic-light" | "trafficlights" => {
    |                     ---------------   ^^^^^^^^^^^^^^^ no value can reach this
    |                     |
    |                     matches all the relevant values
    |
    = note: `#[warn(unreachable_patterns)]` (part of `#[warn(unused)]`) on by default

warning: unused variable: `window_for_close`
  --> src/settings.rs:85:17
   |
85 |             let window_for_close = window.clone();
   |                 ^^^^^^^^^^^^^^^^ help: if this is intentional, prefix it with an underscore: `_window_for_close`
   |
   = note: `#[warn(unused_variables)]` (part of `#[warn(unused)]`) on by default

warning: unused variable: `set_expanded`
   --> src/sidebar.rs:819:13
    |
819 |         let set_expanded = set_folders_expanded.clone();
    |             ^^^^^^^^^^^^ help: if this is intentional, prefix it with an underscore: `_set_expanded`

warning: unused variable: `error`
   --> src/thumbnail_display.rs:403:13
    |
403 |         Err(error) => {
    |             ^^^^^ help: if this is intentional, prefix it with an underscore: `_error`

warning: unused variable: `count`
    --> src/window/build.rs:4111:17
     |
4111 |             let count = roots.as_ref().map(|roots| roots.len()).unwrap_or(0);
     |                 ^^^^^ help: if this is intentional, prefix it with an underscore: `_count`

warning: unused variable: `kind`
    --> src/window/build.rs:3795:41
     |
3795 |             let Some((root, generation, kind)) = next else {
     |                                         ^^^^ help: if this is intentional, prefix it with an underscore: `_kind`

warning: unused variable: `mount`
   --> src/window/layout.rs:516:51
    |
516 |     volume_monitor.connect_mount_changed(move |_, mount| {
    |                                                   ^^^^^ help: if this is intentional, prefix it with an underscore: `_mount`

warning: unused variable: `mount`
   --> src/window/layout.rs:511:51
    |
511 |     volume_monitor.connect_mount_removed(move |_, mount| {
    |                                                   ^^^^^ help: if this is intentional, prefix it with an underscore: `_mount`

warning: unused variable: `mount`
   --> src/window/layout.rs:506:49
    |
506 |     volume_monitor.connect_mount_added(move |_, mount| {
    |                                                 ^^^^^ help: if this is intentional, prefix it with an underscore: `_mount`

warning: unused variable: `changed`
   --> src/window/layout.rs:320:24
    |
320 |                     Ok(changed) => {
    |                        ^^^^^^^ help: if this is intentional, prefix it with an underscore: `_changed`

warning: unused variable: `file`
   --> src/window/build.rs:313:50
    |
313 |                 monitor.connect_changed(move |_, file, other_file, event| {
    |                                                  ^^^^ help: if this is intentional, prefix it with an underscore: `_file`

warning: unused variable: `other_file`
   --> src/window/build.rs:313:56
    |
313 |                 monitor.connect_changed(move |_, file, other_file, event| {
    |                                                        ^^^^^^^^^^ help: if this is intentional, prefix it with an underscore: `_other_file`

warning: unused variable: `search`
    --> src/window/build.rs:3457:9
     |
3457 |         search,
     |         ^^^^^^ help: if this is intentional, prefix it with an underscore: `_search`

warning: unused variable: `window_for_breakpoint`
    --> src/window/build.rs:3678:13
     |
3678 |         let window_for_breakpoint = window.clone();
     |             ^^^^^^^^^^^^^^^^^^^^^ help: if this is intentional, prefix it with an underscore: `_window_for_breakpoint`

warning: unused variable: `search`
   --> src/window/search.rs:203:22
    |
203 |         if let (Some(search), Some(popup)) = (search_weak.upgrade(), popup_weak.upgrade()) {
    |                      ^^^^^^ help: if this is intentional, prefix it with an underscore: `_search`

warning: function `bookshelf_background_path` is never used
   --> src/albums/bookshelf.rs:135:4
    |
135 | fn bookshelf_background_path(directory: &Path, index: usize) -> Option<PathBuf> {
    |    ^^^^^^^^^^^^^^^^^^^^^^^^^
    |
    = note: `#[warn(dead_code)]` (part of `#[warn(unused)]`) on by default

warning: method `add_photos` is never used
   --> src/collage/editor.rs:137:12
    |
127 | impl CollageEditor {
    | ------------------ method in this implementation
...
137 |     pub fn add_photos(&self, photos: Vec<crate::photo_object::PhotoObject>) {
    |            ^^^^^^^^^^

warning: method `add_photos` is never used
   --> src/collage/model.rs:279:12
    |
180 | impl CollageProject {
    | ------------------- method in this implementation
...
279 |     pub fn add_photos(&mut self, photos: Vec<PhotoObject>) {
    |            ^^^^^^^^^^

warning: function `open_default` is never used
  --> src/db/core.rs:10:8
   |
10 | pub fn open_default() -> Result<Connection> {
   |        ^^^^^^^^^^^^

warning: function `folder_path_by_id` is never used
   --> src/db/photos.rs:265:8
    |
265 | pub fn folder_path_by_id(connection: &Connection, folder_id: i64) -> Result<Option<String>> {
    |        ^^^^^^^^^^^^^^^^^

warning: function `set_rating` is never used
   --> src/db/photos.rs:648:8
    |
648 | pub fn set_rating(connection: &Connection, id: i64, rating: i32) -> Result<()> {
    |        ^^^^^^^^^^

warning: fields `zoom_in_action` and `zoom_out_action` are never read
  --> src/edit/editor.rs:20:5
   |
16 | pub struct EditEditor {
   |            ---------- fields in this struct
...
20 |     zoom_in_action: Rc<dyn Fn()>,
   |     ^^^^^^^^^^^^^^
21 |     zoom_out_action: Rc<dyn Fn()>,
   |     ^^^^^^^^^^^^^^^

warning: methods `zoom_in`, `zoom_out`, and `is_text_section_active` are never used
  --> src/edit/editor.rs:45:12
   |
33 | impl EditEditor {
   | --------------- methods in this implementation
...
45 |     pub fn zoom_in(&self) {
   |            ^^^^^^^
...
49 |     pub fn zoom_out(&self) {
   |            ^^^^^^^^
...
91 |     pub fn is_text_section_active(&self) -> bool {
   |            ^^^^^^^^^^^^^^^^^^^^^^

warning: field `interactive` is never read
  --> src/edit/preview.rs:94:5
   |
84 | struct PreviewJob {
   |        ---------- field in this struct
...
94 |     interactive: bool,
   |     ^^^^^^^^^^^

warning: function `pointer_over_content` is never used
  --> src/edit/zoom.rs:54:4
   |
54 | fn pointer_over_content(pointer: f64, viewport: f64, content: f64) -> bool {
   |    ^^^^^^^^^^^^^^^^^^^^

warning: methods `position_at` and `reset_placement` are never used
   --> src/edit/model.rs:511:12
    |
451 | impl TextLayerSpec {
    | ------------------ methods in this implementation
...
511 |     pub fn position_at(&mut self, anchor: OverlayAnchor) {
    |            ^^^^^^^^^^^
...
525 |     pub fn reset_placement(&mut self) {
    |            ^^^^^^^^^^^^^^^

warning: function `apply_recipe_without_crop` is never used
  --> src/edit/render.rs:38:8
   |
38 | pub fn apply_recipe_without_crop(mut image: RgbaImage, recipe: &EditRecipe) -> RgbaImage {
   |        ^^^^^^^^^^^^^^^^^^^^^^^^^

warning: method `clear_photo` is never used
    --> src/grid/tile.rs:1161:8
     |
 516 | impl SquareTile {
     | --------------- method in this implementation
...
1161 |     fn clear_photo(&self) {
     |        ^^^^^^^^^^^

warning: methods `set_pending_folder_target`, `has_pending_folder_target`, `try_focus_pending_folder`, and `visible_folder_id` are never used
   --> src/grid/grouping.rs:266:12
    |
 31 | impl Gallery {
    | ------------ methods in this implementation
...
266 |     pub fn set_pending_folder_target(&self, folder_id: i64, folder_path: String) {
    |            ^^^^^^^^^^^^^^^^^^^^^^^^^
...
275 |     pub fn has_pending_folder_target(&self) -> bool {
    |            ^^^^^^^^^^^^^^^^^^^^^^^^^
...
282 |     pub fn try_focus_pending_folder(&self) -> bool {
    |            ^^^^^^^^^^^^^^^^^^^^^^^^
...
349 |     pub fn visible_folder_id(&self) -> Option<i64> {
    |            ^^^^^^^^^^^^^^^^^

warning: fields `old_width`, `presentation`, and `photos` are never read
  --> src/grid/sectioned_folder.rs:21:5
   |
15 | struct SectionedReflowSnapshot {
   |        ----------------------- fields in this struct
...
21 |     old_width: i32,
   |     ^^^^^^^^^
22 |     presentation: Option<StripPresentation>,
   |     ^^^^^^^^^^^^
23 |     photos: HashMap<u32, StripPhoto>,
   |     ^^^^^^
   |
   = note: `SectionedReflowSnapshot` has a derived impl for the trait `Clone`, but this is intentionally ignored during dead code analysis

warning: fields `first_index`, `first_y`, `row_height`, `header_y`, and `end_y` are never read
   --> src/grid/sectioned_folder.rs:135:5
    |
134 | struct StripSection {
    |        ------------ fields in this struct
135 |     first_index: f64,
    |     ^^^^^^^^^^^
136 |     first_y: f64,
    |     ^^^^^^^
137 |     row_height: f64,
    |     ^^^^^^^^^^
138 |     header_y: f64,
    |     ^^^^^^^^
139 |     end_y: f64,
    |     ^^^^^
    |
    = note: `StripSection` has derived impls for the traits `Debug` and `Clone`, but these are intentionally ignored during dead code analysis

warning: fields `columns`, `tile_width`, `tile_height`, `pitch`, `left`, and `sections` are never read
   --> src/grid/sectioned_folder.rs:144:5
    |
143 | struct StripLayout {
    |        ----------- fields in this struct
144 |     columns: f64,
    |     ^^^^^^^
145 |     tile_width: f64,
    |     ^^^^^^^^^^
146 |     tile_height: f64,
    |     ^^^^^^^^^^^
147 |     pitch: f64,
    |     ^^^^^
148 |     left: f64,
    |     ^^^^
149 |     sections: Vec<StripSection>,
    |     ^^^^^^^^
    |
    = note: `StripLayout` has derived impls for the traits `Debug` and `Clone`, but these are intentionally ignored during dead code analysis

warning: method `between` is never used
   --> src/grid/sectioned_folder.rs:153:8
    |
152 | impl StripLayout {
    | ---------------- method in this implementation
153 |     fn between(&self, target: &Self, progress: f64) -> Self {
    |        ^^^^^^^

warning: field `layout` is never read
   --> src/grid/sectioned_folder.rs:174:5
    |
173 | struct StripPresentation {
    |        ----------------- field in this struct
174 |     layout: StripLayout,
    |     ^^^^^^
    |
    = note: `StripPresentation` has a derived impl for the trait `Clone`, but this is intentionally ignored during dead code analysis

warning: fields `index` and `row` are never read
   --> src/grid/sectioned_folder.rs:180:5
    |
179 | struct StripSlice {
    |        ---------- fields in this struct
180 |     index: u32,
    |     ^^^^^
181 |     row: i32,
    |     ^^^
    |
    = note: `StripSlice` has derived impls for the traits `Debug` and `Clone`, but these are intentionally ignored during dead code analysis

warning: function `strip_slices` is never used
   --> src/grid/sectioned_folder.rs:190:4
    |
190 | fn strip_slices(layout: &StripLayout, ranges: &[GroupRange], top: f64, bottom: f64) -> Vec<StripSlice> {
    |    ^^^^^^^^^^^^

warning: methods `paint_strip` and `reveal_index_if_needed` are never used
    --> src/grid/sectioned_folder.rs:1243:8
     |
 327 | impl SectionedFolderView {
     | ------------------------ methods in this implementation
...
1243 |     fn paint_strip(&self, mut presentation: StripPresentation, ranges: &[GroupRange]) {
     |        ^^^^^^^^^^^
...
1465 |     fn reveal_index_if_needed(self: &Rc<Self>, index: u32) -> bool {
     |        ^^^^^^^^^^^^^^^^^^^^^^

warning: methods `sectioned_capture_anchor`, `sectioned_restore_anchor`, and `sectioned_sync_selection` are never used
    --> src/grid/sectioned_folder.rs:1724:8
     |
1702 | impl Gallery {
     | ------------ methods in this implementation
...
1724 |     fn sectioned_capture_anchor(&self) -> Option<(i64, f64)> {
     |        ^^^^^^^^^^^^^^^^^^^^^^^^
...
1728 |     fn sectioned_restore_anchor(self: &Rc<Self>, anchor: Option<(i64, f64)>) {
     |        ^^^^^^^^^^^^^^^^^^^^^^^^
...
1736 |     fn sectioned_sync_selection(&self) {
     |        ^^^^^^^^^^^^^^^^^^^^^^^^

warning: function `folder_row_offset` is never used
  --> src/grid/virtualization.rs:67:4
   |
67 | fn folder_row_offset(
   |    ^^^^^^^^^^^^^^^^^

warning: struct `FolderVirtualRow` is never constructed
   --> src/grid/virtualization.rs:101:8
    |
101 | struct FolderVirtualRow {
    |        ^^^^^^^^^^^^^^^^

warning: function `folder_virtual_rows` is never used
   --> src/grid/virtualization.rs:110:4
    |
110 | fn folder_virtual_rows(ranges: &[GroupRange], chunk_size: usize) -> Vec<FolderVirtualRow> {
    |    ^^^^^^^^^^^^^^^^^^^

warning: method `refresh_availability` is never used
    --> src/grid/virtualization.rs:2013:12
     |
 246 | impl Gallery {
     | ------------ method in this implementation
...
2013 |     pub fn refresh_availability(&self) {
     |            ^^^^^^^^^^^^^^^^^^^^

warning: methods `selected_position` and `is_at_vertical_boundary` are never used
   --> src/grid/selection.rs:30:12
    |
 26 | impl Gallery {
    | ------------ methods in this implementation
...
 30 |     pub fn selected_position(&self) -> Option<usize> {
    |            ^^^^^^^^^^^^^^^^^
...
344 |     pub fn is_at_vertical_boundary(&self, direction: i32) -> bool {
    |            ^^^^^^^^^^^^^^^^^^^^^^^

warning: function `folder_id_from_named_ancestor` is never used
    --> src/grid/selection.rs:1554:4
     |
1554 | fn folder_id_from_named_ancestor(widget: &gtk::Widget) -> Option<i64> {
     |    ^^^^^^^^^^^^^^^^^^^^^^^^^^^^^

warning: method `update_edit_recipe` is never used
    --> src/lightbox/impl.rs:1801:12
     |
   1 | impl Lightbox {
     | ------------- method in this implementation
...
1801 |     pub fn update_edit_recipe(&self, id: i64, recipe: &str) {
     |            ^^^^^^^^^^^^^^^^^^

warning: fields `prev` and `next` are never read
  --> src/library_home.rs:71:5
   |
68 | struct HomeSection {
   |        ----------- fields in this struct
...
71 |     prev: gtk::Button,
   |     ^^^^
72 |     next: gtk::Button,
   |     ^^^^

warning: function `rotated_thumbnail` is never used
  --> src/photo_texture.rs:52:8
   |
52 | pub fn rotated_thumbnail(path: &str, rotation: i32) -> Option<gtk::gdk::Paintable> {
   |        ^^^^^^^^^^^^^^^^^

warning: function `scan` is never used
  --> src/scanner.rs:90:8
   |
90 | pub fn scan(root: &str, events: Option<&Sender<ScanEvent>>) -> Result<usize> {
   |        ^^^^

warning: function `wait_for_priority_requests` is never used
   --> src/thumbnail.rs:202:8
    |
202 | pub fn wait_for_priority_requests() {
    |        ^^^^^^^^^^^^^^^^^^^^^^^^^^

warning: field `scale` is never read
 --> src/thumbnail/viewer.rs:5:5
  |
1 | struct DecodedThumbnailSource {
  |        ---------------------- field in this struct
...
5 |     scale: &'static str,
  |     ^^^^^

warning: function `create_many` is never used
 --> src/thumbnail/batch.rs:1:8
  |
1 | pub fn create_many(
  |        ^^^^^^^^^^^

warning: constant `EDIT_PANEL_CSS` is never used
  --> src/window.rs:24:18
   |
24 | pub(crate) const EDIT_PANEL_CSS: &str = crate::css::BASE;
   |                  ^^^^^^^^^^^^^^

warning: variants `FilesystemNotification` and `ProgrammaticSidebarSelection` are never constructed
   --> src/window.rs:409:5
    |
405 | enum PhotoScanRequestReason {
    |      ---------------------- variants in this enum
...
409 |     FilesystemNotification,
    |     ^^^^^^^^^^^^^^^^^^^^^^
...
412 |     ProgrammaticSidebarSelection,
    |     ^^^^^^^^^^^^^^^^^^^^^^^^^^^^
    |
    = note: `PhotoScanRequestReason` has derived impls for the traits `Debug` and `Clone`, but these are intentionally ignored during dead code analysis

warning: methods `connect_stop` and `is_cancelled` are never used
   --> src/window/operation_progress.rs:224:12
    |
 46 | impl OperationProgressUi {
    | ------------------------ methods in this implementation
...
224 |     pub fn connect_stop<C: Fn() + 'static>(&self, callback: C) {
    |            ^^^^^^^^^^^^
...
243 |     pub fn is_cancelled(&self) -> bool {
    |            ^^^^^^^^^^^^

warning: function `install_gallery_zoom_scroll` is never used
   --> src/window/navigation.rs:561:4
    |
561 | fn install_gallery_zoom_scroll(scrolled: &gtk::ScrolledWindow, gallery: Rc<grid::Gallery>) {
    |    ^^^^^^^^^^^^^^^^^^^^^^^^^^^

warning: function `search_folder_focus_should_stop` is never used
   --> src/window/navigation.rs:617:4
    |
617 | fn search_folder_focus_should_stop(
    |    ^^^^^^^^^^^^^^^^^^^^^^^^^^^^^^^

warning: field `total` is never read
    --> src/window/build.rs:3212:9
     |
3210 |     Update {
     |     ------ field in this variant
3211 |         done: usize,
3212 |         total: usize,
     |         ^^^^^

warning: field `mounted` is never read
  --> src/window/availability.rs:24:5
   |
23 | struct ReconnectedSources {
   |        ------------------ field in this struct
24 |     mounted: std::collections::HashSet<String>,
   |     ^^^^^^^

warning: method `update` is never used
  --> src/window/availability.rs:29:8
   |
28 | impl ReconnectedSources {
   | ----------------------- method in this implementation
29 |     fn update(&mut self, mounted: std::collections::HashSet<String>) {
   |        ^^^^^^

warning: method `active_window_controls` is never used
   --> src/window/theme.rs:129:19
    |
 55 | impl ThemeEngine {
    | ---------------- method in this implementation
...
129 |     pub(crate) fn active_window_controls(&self) -> WindowControls {
    |                   ^^^^^^^^^^^^^^^^^^^^^^

